// Jest Snapshot v1, https://goo.gl/fbAQLP

exports[`Should match the Snapshot 1`] = `
<div
  className="search-icon"
>
  <input
    data-testid="search-bar"
    onChange={[Function]}
    placeholder="Search by name..."
    required={true}
    type="text"
    value="Test"
  />
</div>
`;
